// Jest Snapshot v1, https://goo.gl/fbAQLP

exports[`<ProfileImage> should  render the heading 1`] = `
<div>
  <img
    alt="Image de perfil do usuario"
    class="style__CustomImg-gVgzYn iFHTNp"
    src="test-file-stub"
  />
</div>
`
