// Jest Snapshot v1, https://goo.gl/fbAQLP

exports[`<ListDragon/> should  render the heading 1`] = `null`
