// Jest Snapshot v1, https://goo.gl/fbAQLP

exports[`<Login/> should render correctly 1`] = `
<div>
  <h1>
    Abner fonseca teste 
  </h1>
</div>
`
